■ 入力データ
チャネル数：	1
標本化周波数：	48000 [Hz]
量子化深度：	16 [bits]
データサイズ：	96000 [bytes]
標本数：	48000
収録時間：	1.000000 [s]

■ 分析条件
開始番号 = 0，	開始時刻 = 0.000000 [s]
標本数 = 1024（2^10），	窓幅 = 0.021333 [s]
基本周波数 = 46.875000 [Hz]

■ 入力波形
出力ファイル = wf.txt

■ DFT
処理時間 = 2.185458e-02 [s]
出力ファイル = dft.txt

■ IDFT
処理時間 = 1.742808e-02 [s]
出力ファイル = idft.txt

■ FFT
処理時間 = 1.799500e-05 [s]
出力ファイル = fft.txt

■ IFFT
処理時間 = 1.361600e-05 [s]
出力ファイル = ifft.txt

■ 性能比較（N = 1024）
DFT  : 2.185458e-02 s
IDFT : 1.742808e-02 s
FFT  : 1.799500e-05 s
IFFT : 1.361600e-05 s
高速化比 DFT/FFT = 1214.48 倍
高速化比 IDFT/IFFT = 1279.97 倍

■ スペクトル一致検証
max |Xd[k] - Xf[k]| = 7.882158e-11（理論上は丸め誤差程度）

■ 波形復元検証
max |IFFT(X) - x|    = 3.284088e-14
max |IDFT(Xd) - x|    = 4.706894e-13

