■ 入力データ
チャネル数：	1
標本化周波数：	48000 [Hz]
量子化深度：	16 [bits]
データサイズ：	96000 [bytes]
標本数：	48000
収録時間：	1.000000 [s]

■ 分析条件
開始番号 = 0，	開始時刻 = 0.000000 [s]
標本数 = 256（2^8），	窓幅 = 0.005333 [s]
基本周波数 = 187.500000 [Hz]

■ 入力波形
出力ファイル = wf.txt

■ DFT
処理時間 = 1.040377e-03 [s]
出力ファイル = dft.txt

■ IDFT
処理時間 = 1.210481e-03 [s]
出力ファイル = idft.txt

■ FFT
処理時間 = 5.401000e-06 [s]
出力ファイル = fft.txt

■ IFFT
処理時間 = 5.321001e-06 [s]
出力ファイル = ifft.txt

■ 性能比較（N = 256）
DFT  : 1.040377e-03 s
IDFT : 1.210481e-03 s
FFT  : 5.401000e-06 s
IFFT : 5.321001e-06 s
高速化比 DFT/FFT = 192.63 倍
高速化比 IDFT/IFFT = 227.49 倍

■ スペクトル一致検証
max |Xd[k] - Xf[k]| = 2.082337e-12（理論上は丸め誤差程度）

■ 波形復元検証
max |IFFT(X) - x|    = 4.514682e-15
max |IDFT(Xd) - x|    = 8.147733e-14

