■ 入力データ
チャネル数：	1
標本化周波数：	48000 [Hz]
量子化深度：	16 [bits]
データサイズ：	96000 [bytes]
標本数：	48000
収録時間：	1.000000 [s]

■ 分析条件
開始番号 = 0，	開始時刻 = 0.000000 [s]
標本数 = 4096（2^12），	窓幅 = 0.085333 [s]
基本周波数 = 11.718750 [Hz]

■ 入力波形
出力ファイル = wf.txt

■ DFT
処理時間 = 2.599749e-01 [s]
出力ファイル = dft.txt

■ IDFT
処理時間 = 2.627748e-01 [s]
出力ファイル = idft.txt

■ FFT
処理時間 = 7.028600e-05 [s]
出力ファイル = fft.txt

■ IFFT
処理時間 = 6.426500e-05 [s]
出力ファイル = ifft.txt

■ 性能比較（N = 4096）
DFT  : 2.599749e-01 s
IDFT : 2.627748e-01 s
FFT  : 7.028600e-05 s
IFFT : 6.426500e-05 s
高速化比 DFT/FFT = 3698.82 倍
高速化比 IDFT/IFFT = 4088.92 倍

■ スペクトル一致検証
max |Xd[k] - Xf[k]| = 4.863137e-10（理論上は丸め誤差程度）

■ 波形復元検証
max |IFFT(X) - x|    = 8.547676e-14
max |IDFT(Xd) - x|    = 1.833340e-12

