■ 入力データ
チャネル数：	1
標本化周波数：	48000 [Hz]
量子化深度：	16 [bits]
データサイズ：	96000 [bytes]
標本数：	48000
収録時間：	1.000000 [s]

■ 分析条件
開始番号 = 0，	開始時刻 = 0.000000 [s]
標本数 = 64（2^6），	窓幅 = 0.001333 [s]
基本周波数 = 750.000000 [Hz]

■ 入力波形
出力ファイル = wf.txt

■ DFT
処理時間 = 8.371200e-05 [s]
出力ファイル = dft.txt

■ IDFT
処理時間 = 7.475500e-05 [s]
出力ファイル = idft.txt

■ FFT
処理時間 = 1.974000e-06 [s]
出力ファイル = fft.txt

■ IFFT
処理時間 = 9.319992e-07 [s]
出力ファイル = ifft.txt

■ 性能比較（N = 64）
DFT  : 8.371200e-05 s
IDFT : 7.475500e-05 s
FFT  : 1.974000e-06 s
IFFT : 9.319992e-07 s
高速化比 DFT/FFT = 42.41 倍
高速化比 IDFT/IFFT = 80.21 倍

■ スペクトル一致検証
max |Xd[k] - Xf[k]| = 1.060717e-13（理論上は丸め誤差程度）

■ 波形復元検証
max |IFFT(X) - x|    = 1.277602e-15
max |IDFT(Xd) - x|    = 1.297148e-14

